2026-07-05 19:44:48.033 [restartedMain] INFO  a.f.g.t.TourplannerApplication - Starting TourplannerApplication using Java 25.0.2 with PID 12920 (C:\Users\Abdullah\Documents\FH\TourPlanner\backend\target\classes started by Abdullah in C:\Users\Abdullah\Documents\FH\TourPlanner\backend)
2026-07-05 19:44:48.036 [restartedMain] INFO  a.f.g.t.TourplannerApplication - No active profile set, falling back to 1 default profile: "default"
2026-07-05 19:44:49.598 [restartedMain] INFO  a.f.g.t.security.JwtTokenProvider - JwtTokenProvider initialised with expirationMs=86400000
2026-07-05 19:44:50.425 [restartedMain] WARN  org.hibernate.orm.deprecation - HHH90000025: PostgreSQLDialect does not need to be specified explicitly using 'hibernate.dialect' (remove the property setting and it will be selected by default)
2026-07-05 19:44:51.770 [restartedMain] INFO  a.f.g.t.service.ImageStorageService - Image upload directory: C:\Users\Abdullah\Documents\FH\TourPlanner\backend\uploads
2026-07-05 19:44:51.917 [restartedMain] WARN  o.s.b.s.a.UserDetailsServiceAutoConfiguration - 

Using generated security password: acb6e792-9715-49eb-96f8-5275e5a70348

This generated password is for development use only. Your security configuration must be updated before running your application in production.

2026-07-05 19:44:52.326 [restartedMain] INFO  a.f.g.t.TourplannerApplication - Started TourplannerApplication in 4.829 seconds (process running for 5.243)
2026-07-05 19:45:29.157 [http-nio-8080-exec-7] INFO  a.f.g.t.controller.AuthController - Login attempt for username='testuser1'
2026-07-05 19:45:29.173 [http-nio-8080-exec-7] INFO  a.f.g.t.service.Impl.JpaAuthService - Login attempt username='testuser1'
2026-07-05 19:45:29.311 [http-nio-8080-exec-7] WARN  a.f.g.t.service.Impl.JpaAuthService - Login failed – wrong password for username='testuser1'
2026-07-05 19:45:29.323 [http-nio-8080-exec-7] WARN  a.f.g.t.c.GlobalExceptionHandler - Login failed: Invalid username or password
2026-07-05 19:45:29.331 [http-nio-8080-exec-7] WARN  o.s.w.s.m.m.a.ExceptionHandlerExceptionResolver - Resolved [at.fh_technikum.group09.tourplanner.service.exception.InvalidCredentialsException: Invalid username or password]
2026-07-05 19:46:35.212 [http-nio-8080-exec-9] INFO  a.f.g.t.controller.AuthController - Login attempt for username='testuser1'
2026-07-05 19:46:35.217 [http-nio-8080-exec-9] INFO  a.f.g.t.service.Impl.JpaAuthService - Login attempt username='testuser1'
2026-07-05 19:46:35.329 [http-nio-8080-exec-9] INFO  a.f.g.t.service.Impl.JpaAuthService - User authenticated id=2 username='testuser1'
2026-07-05 19:46:35.387 [http-nio-8080-exec-9] INFO  a.f.g.t.controller.AuthController - User logged in successfully username='testuser1'
2026-07-05 19:47:26.668 [http-nio-8080-exec-4] INFO  a.f.g.t.controller.TourController - PUT /api/tours/5 userId=2
2026-07-05 19:47:26.714 [http-nio-8080-exec-4] INFO  a.f.g.t.service.Impl.JpaTourService - Tour updated id=5 userId=2
2026-07-05 19:48:18.929 [http-nio-8080-exec-3] INFO  a.f.g.t.controller.TourLogController - POST /api/tours/4/logs userId=2
2026-07-05 19:48:18.991 [http-nio-8080-exec-3] INFO  a.f.g.t.s.Impl.JpaTourLogService - TourLog created id=5 tourId=4 userId=2
2026-07-05 19:48:19.018 [http-nio-8080-exec-3] INFO  a.f.g.t.controller.TourLogController - TourLog created id=5 tourId=4 userId=2
2026-07-05 19:48:33.086 [http-nio-8080-exec-2] INFO  a.f.g.t.controller.TourLogController - DELETE /api/tours/4/logs/5 userId=2
2026-07-05 19:48:33.115 [http-nio-8080-exec-2] INFO  a.f.g.t.s.Impl.JpaTourLogService - TourLog deleted id=5 tourId=4 userId=2
